---
source: crates/parser/tests/test_class.rs
expression: file
---
SourceFile {
    sections: [
        Section {
            kind: "Pure",
            imports: [],
            elements: [
                Class(
                    ClassDef {
                        package: Some(
                            Package {
                                name: "my",
                                parent: None,
                                source_info: SourceInfo {
                                    source: "test.pure",
                                    start_line: 17,
                                    start_column: 7,
                                    end_line: 17,
                                    end_column: 8,
                                },
                            },
                        ),
                        name: "ConstrainedClass",
                        type_parameters: [],
                        super_types: [],
                        properties: [
                            Property {
                                name: "name",
                                type_ref: Type(
                                    TypeReference {
                                        package: None,
                                        name: "String",
                                        type_arguments: [],
                                        type_variable_values: [],
                                        source_info: SourceInfo {
                                            source: "test.pure",
                                            start_line: 30,
                                            start_column: 11,
                                            end_line: 30,
                                            end_column: 16,
                                        },
                                    },
                                ),
                                multiplicity: PureOne,
                                aggregation: None,
                                default_value: None,
                                stereotypes: [],
                                tagged_values: [],
                                source_info: SourceInfo {
                                    source: "test.pure",
                                    start_line: 30,
                                    start_column: 5,
                                    end_line: 30,
                                    end_column: 8,
                                },
                            },
                        ],
                        qualified_properties: [],
                        constraints: [
                            Constraint {
                                name: None,
                                function_definition: ArrowFunction(
                                    ArrowFunction {
                                        target: MemberAccess(
                                            Simple(
                                                SimpleMemberAccess {
                                                    target: Variable(
                                                        Variable {
                                                            name: "this",
                                                            source_info: SourceInfo {
                                                                source: "test.pure",
                                                                start_line: 19,
                                                                start_column: 5,
                                                                end_line: 19,
                                                                end_column: 5,
                                                            },
                                                        },
                                                    ),
                                                    member: "name",
                                                    source_info: SourceInfo {
                                                        source: "test.pure",
                                                        start_line: 19,
                                                        start_column: 10,
                                                        end_line: 19,
                                                        end_column: 10,
                                                    },
                                                },
                                            ),
                                        ),
                                        function: PackageableElementPtr {
                                            package: None,
                                            name: "isNotEmpty",
                                            source_info: SourceInfo {
                                                source: "test.pure",
                                                start_line: 19,
                                                start_column: 15,
                                                end_line: 19,
                                                end_column: 16,
                                            },
                                        },
                                        arguments: [],
                                        source_info: SourceInfo {
                                            source: "test.pure",
                                            start_line: 19,
                                            start_column: 15,
                                            end_line: 19,
                                            end_column: 16,
                                        },
                                    },
                                ),
                                enforcement_level: None,
                                external_id: None,
                                message: None,
                                source_info: SourceInfo {
                                    source: "test.pure",
                                    start_line: 19,
                                    start_column: 5,
                                    end_line: 19,
                                    end_column: 5,
                                },
                            },
                            Constraint {
                                name: Some(
                                    "named",
                                ),
                                function_definition: Comparison(
                                    ComparisonExpr {
                                        left: ArrowFunction(
                                            ArrowFunction {
                                                target: MemberAccess(
                                                    Simple(
                                                        SimpleMemberAccess {
                                                            target: Variable(
                                                                Variable {
                                                                    name: "this",
                                                                    source_info: SourceInfo {
                                                                        source: "test.pure",
                                                                        start_line: 20,
                                                                        start_column: 12,
                                                                        end_line: 20,
                                                                        end_column: 12,
                                                                    },
                                                                },
                                                            ),
                                                            member: "name",
                                                            source_info: SourceInfo {
                                                                source: "test.pure",
                                                                start_line: 20,
                                                                start_column: 17,
                                                                end_line: 20,
                                                                end_column: 17,
                                                            },
                                                        },
                                                    ),
                                                ),
                                                function: PackageableElementPtr {
                                                    package: None,
                                                    name: "length",
                                                    source_info: SourceInfo {
                                                        source: "test.pure",
                                                        start_line: 20,
                                                        start_column: 22,
                                                        end_line: 20,
                                                        end_column: 23,
                                                    },
                                                },
                                                arguments: [],
                                                source_info: SourceInfo {
                                                    source: "test.pure",
                                                    start_line: 20,
                                                    start_column: 22,
                                                    end_line: 20,
                                                    end_column: 23,
                                                },
                                            },
                                        ),
                                        op: GreaterThan,
                                        right: Literal(
                                            Integer(
                                                IntegerLiteral {
                                                    value: 2,
                                                    source_info: SourceInfo {
                                                        source: "test.pure",
                                                        start_line: 20,
                                                        start_column: 35,
                                                        end_line: 20,
                                                        end_column: 35,
                                                    },
                                                },
                                            ),
                                        ),
                                        source_info: SourceInfo {
                                            source: "test.pure",
                                            start_line: 20,
                                            start_column: 33,
                                            end_line: 20,
                                            end_column: 33,
                                        },
                                    },
                                ),
                                enforcement_level: None,
                                external_id: None,
                                message: None,
                                source_info: SourceInfo {
                                    source: "test.pure",
                                    start_line: 20,
                                    start_column: 5,
                                    end_line: 20,
                                    end_column: 9,
                                },
                            },
                            Constraint {
                                name: Some(
                                    "custom",
                                ),
                                function_definition: ArrowFunction(
                                    ArrowFunction {
                                        target: MemberAccess(
                                            Simple(
                                                SimpleMemberAccess {
                                                    target: Variable(
                                                        Variable {
                                                            name: "this",
                                                            source_info: SourceInfo {
                                                                source: "test.pure",
                                                                start_line: 23,
                                                                start_column: 20,
                                                                end_line: 23,
                                                                end_column: 20,
                                                            },
                                                        },
                                                    ),
                                                    member: "name",
                                                    source_info: SourceInfo {
                                                        source: "test.pure",
                                                        start_line: 23,
                                                        start_column: 25,
                                                        end_line: 23,
                                                        end_column: 25,
                                                    },
                                                },
                                            ),
                                        ),
                                        function: PackageableElementPtr {
                                            package: None,
                                            name: "startsWith",
                                            source_info: SourceInfo {
                                                source: "test.pure",
                                                start_line: 23,
                                                start_column: 30,
                                                end_line: 23,
                                                end_column: 31,
                                            },
                                        },
                                        arguments: [
                                            Literal(
                                                String(
                                                    StringLiteral {
                                                        value: "A",
                                                        source_info: SourceInfo {
                                                            source: "test.pure",
                                                            start_line: 23,
                                                            start_column: 43,
                                                            end_line: 23,
                                                            end_column: 45,
                                                        },
                                                    },
                                                ),
                                            ),
                                        ],
                                        source_info: SourceInfo {
                                            source: "test.pure",
                                            start_line: 23,
                                            start_column: 30,
                                            end_line: 23,
                                            end_column: 31,
                                        },
                                    },
                                ),
                                enforcement_level: Some(
                                    "Warn",
                                ),
                                external_id: Some(
                                    "RULE-001",
                                ),
                                message: Some(
                                    Literal(
                                        String(
                                            StringLiteral {
                                                value: "Name must start with A",
                                                source_info: SourceInfo {
                                                    source: "test.pure",
                                                    start_line: 26,
                                                    start_column: 19,
                                                    end_line: 26,
                                                    end_column: 42,
                                                },
                                            },
                                        ),
                                    ),
                                ),
                                source_info: SourceInfo {
                                    source: "test.pure",
                                    start_line: 21,
                                    start_column: 5,
                                    end_line: 21,
                                    end_column: 10,
                                },
                            },
                        ],
                        stereotypes: [],
                        tagged_values: [],
                        source_info: SourceInfo {
                            source: "test.pure",
                            start_line: 17,
                            start_column: 1,
                            end_line: 17,
                            end_column: 5,
                        },
                    },
                ),
            ],
            source_info: SourceInfo {
                source: "test.pure",
                start_line: 16,
                start_column: 1,
                end_line: 16,
                end_column: 7,
            },
        },
    ],
    source_info: SourceInfo {
        source: "test.pure",
        start_line: 16,
        start_column: 1,
        end_line: 16,
        end_column: 7,
    },
}
