---
source: crates/parser/tests/test_expression.rs
expression: file
---
SourceFile {
    sections: [
        Section {
            kind: "Pure",
            imports: [],
            elements: [
                Function(
                    FunctionDef {
                        package: Some(
                            Package {
                                name: "my",
                                parent: None,
                                source_info: SourceInfo {
                                    source: "test.pure",
                                    start_line: 2,
                                    start_column: 10,
                                    end_line: 2,
                                    end_column: 11,
                                },
                            },
                        ),
                        name: "test",
                        parameters: [],
                        return_type: TypeReference {
                            path: Package {
                                name: "Boolean",
                                parent: None,
                                source_info: SourceInfo {
                                    source: "test.pure",
                                    start_line: 2,
                                    start_column: 22,
                                    end_line: 2,
                                    end_column: 28,
                                },
                            },
                            type_arguments: [],
                            type_variable_values: [],
                            source_info: SourceInfo {
                                source: "test.pure",
                                start_line: 2,
                                start_column: 22,
                                end_line: 2,
                                end_column: 28,
                            },
                        },
                        return_multiplicity: PureOne,
                        body: [
                            Logical(
                                LogicalExpr {
                                    left: Literal(
                                        Boolean(
                                            BooleanLiteral {
                                                value: true,
                                                source_info: SourceInfo {
                                                    source: "test.pure",
                                                    start_line: 4,
                                                    start_column: 5,
                                                    end_line: 4,
                                                    end_column: 8,
                                                },
                                            },
                                        ),
                                    ),
                                    op: Or,
                                    right: Logical(
                                        LogicalExpr {
                                            left: Literal(
                                                Boolean(
                                                    BooleanLiteral {
                                                        value: false,
                                                        source_info: SourceInfo {
                                                            source: "test.pure",
                                                            start_line: 4,
                                                            start_column: 13,
                                                            end_line: 4,
                                                            end_column: 17,
                                                        },
                                                    },
                                                ),
                                            ),
                                            op: And,
                                            right: Literal(
                                                Boolean(
                                                    BooleanLiteral {
                                                        value: true,
                                                        source_info: SourceInfo {
                                                            source: "test.pure",
                                                            start_line: 4,
                                                            start_column: 22,
                                                            end_line: 4,
                                                            end_column: 25,
                                                        },
                                                    },
                                                ),
                                            ),
                                            source_info: SourceInfo {
                                                source: "test.pure",
                                                start_line: 4,
                                                start_column: 19,
                                                end_line: 4,
                                                end_column: 20,
                                            },
                                        },
                                    ),
                                    source_info: SourceInfo {
                                        source: "test.pure",
                                        start_line: 4,
                                        start_column: 10,
                                        end_line: 4,
                                        end_column: 11,
                                    },
                                },
                            ),
                        ],
                        stereotypes: [],
                        tagged_values: [],
                        tests: [],
                        source_info: SourceInfo {
                            source: "test.pure",
                            start_line: 2,
                            start_column: 1,
                            end_line: 2,
                            end_column: 8,
                        },
                    },
                ),
            ],
            source_info: SourceInfo {
                source: "test.pure",
                start_line: 1,
                start_column: 1,
                end_line: 1,
                end_column: 7,
            },
        },
    ],
    source_info: SourceInfo {
        source: "test.pure",
        start_line: 1,
        start_column: 1,
        end_line: 1,
        end_column: 7,
    },
}
