---
source: crates/parser/tests/test_function.rs
expression: file
---
SourceFile {
    sections: [
        Section {
            kind: "Pure",
            imports: [],
            elements: [
                Function(
                    FunctionDef {
                        package: Some(
                            Package {
                                name: "my",
                                parent: None,
                                source_info: SourceInfo {
                                    source: "test.pure",
                                    start_line: 2,
                                    start_column: 10,
                                    end_line: 2,
                                    end_column: 11,
                                },
                            },
                        ),
                        name: "create",
                        parameters: [],
                        return_type: TypeReference {
                            path: Package {
                                name: "Any",
                                parent: None,
                                source_info: SourceInfo {
                                    source: "test.pure",
                                    start_line: 2,
                                    start_column: 24,
                                    end_line: 2,
                                    end_column: 26,
                                },
                            },
                            type_arguments: [],
                            type_variable_values: [],
                            source_info: SourceInfo {
                                source: "test.pure",
                                start_line: 2,
                                start_column: 24,
                                end_line: 2,
                                end_column: 26,
                            },
                        },
                        return_multiplicity: PureOne,
                        body: [
                            NewInstance(
                                NewInstanceExpr {
                                    class: PackageableElementPtr {
                                        package: Some(
                                            Package {
                                                name: "my",
                                                parent: None,
                                                source_info: SourceInfo {
                                                    source: "test.pure",
                                                    start_line: 4,
                                                    start_column: 6,
                                                    end_line: 4,
                                                    end_column: 7,
                                                },
                                            },
                                        ),
                                        name: "Person",
                                        source_info: SourceInfo {
                                            source: "test.pure",
                                            start_line: 4,
                                            start_column: 5,
                                            end_line: 4,
                                            end_column: 5,
                                        },
                                    },
                                    assignments: [
                                        KeyValuePair {
                                            key: "name",
                                            value: Literal(
                                                String(
                                                    StringLiteral {
                                                        value: "John",
                                                        source_info: SourceInfo {
                                                            source: "test.pure",
                                                            start_line: 4,
                                                            start_column: 22,
                                                            end_line: 4,
                                                            end_column: 27,
                                                        },
                                                    },
                                                ),
                                            ),
                                            source_info: SourceInfo {
                                                source: "test.pure",
                                                start_line: 4,
                                                start_column: 17,
                                                end_line: 4,
                                                end_column: 20,
                                            },
                                        },
                                        KeyValuePair {
                                            key: "address",
                                            value: NewInstance(
                                                NewInstanceExpr {
                                                    class: PackageableElementPtr {
                                                        package: Some(
                                                            Package {
                                                                name: "my",
                                                                parent: None,
                                                                source_info: SourceInfo {
                                                                    source: "test.pure",
                                                                    start_line: 4,
                                                                    start_column: 39,
                                                                    end_line: 4,
                                                                    end_column: 40,
                                                                },
                                                            },
                                                        ),
                                                        name: "Address",
                                                        source_info: SourceInfo {
                                                            source: "test.pure",
                                                            start_line: 4,
                                                            start_column: 38,
                                                            end_line: 4,
                                                            end_column: 38,
                                                        },
                                                    },
                                                    assignments: [
                                                        KeyValuePair {
                                                            key: "city",
                                                            value: Literal(
                                                                String(
                                                                    StringLiteral {
                                                                        value: "NYC",
                                                                        source_info: SourceInfo {
                                                                            source: "test.pure",
                                                                            start_line: 4,
                                                                            start_column: 56,
                                                                            end_line: 4,
                                                                            end_column: 60,
                                                                        },
                                                                    },
                                                                ),
                                                            ),
                                                            source_info: SourceInfo {
                                                                source: "test.pure",
                                                                start_line: 4,
                                                                start_column: 51,
                                                                end_line: 4,
                                                                end_column: 54,
                                                            },
                                                        },
                                                    ],
                                                    source_info: SourceInfo {
                                                        source: "test.pure",
                                                        start_line: 4,
                                                        start_column: 38,
                                                        end_line: 4,
                                                        end_column: 38,
                                                    },
                                                },
                                            ),
                                            source_info: SourceInfo {
                                                source: "test.pure",
                                                start_line: 4,
                                                start_column: 30,
                                                end_line: 4,
                                                end_column: 36,
                                            },
                                        },
                                    ],
                                    source_info: SourceInfo {
                                        source: "test.pure",
                                        start_line: 4,
                                        start_column: 5,
                                        end_line: 4,
                                        end_column: 5,
                                    },
                                },
                            ),
                        ],
                        stereotypes: [],
                        tagged_values: [],
                        tests: [],
                        source_info: SourceInfo {
                            source: "test.pure",
                            start_line: 2,
                            start_column: 1,
                            end_line: 2,
                            end_column: 8,
                        },
                    },
                ),
            ],
            source_info: SourceInfo {
                source: "test.pure",
                start_line: 1,
                start_column: 1,
                end_line: 1,
                end_column: 7,
            },
        },
    ],
    source_info: SourceInfo {
        source: "test.pure",
        start_line: 1,
        start_column: 1,
        end_line: 1,
        end_column: 7,
    },
}
