---
source: crates/parser/tests/test_class.rs
expression: file
---
SourceFile {
    sections: [
        Section {
            kind: "Pure",
            imports: [],
            elements: [
                Class(
                    ClassDef {
                        package: Some(
                            Package {
                                name: "my",
                                parent: None,
                                source_info: SourceInfo {
                                    source: "test.pure",
                                    start_line: 17,
                                    start_column: 7,
                                    end_line: 17,
                                    end_column: 8,
                                },
                            },
                        ),
                        name: "DefaultClass",
                        type_parameters: [],
                        super_types: [],
                        properties: [
                            Property {
                                name: "stringProp",
                                type_ref: Type(
                                    TypeReference {
                                        package: None,
                                        name: "String",
                                        type_arguments: [],
                                        type_variable_values: [],
                                        source_info: SourceInfo {
                                            source: "test.pure",
                                            start_line: 19,
                                            start_column: 17,
                                            end_line: 19,
                                            end_column: 22,
                                        },
                                    },
                                ),
                                multiplicity: PureOne,
                                aggregation: None,
                                default_value: Some(
                                    Literal(
                                        String(
                                            StringLiteral {
                                                value: "default",
                                                source_info: SourceInfo {
                                                    source: "test.pure",
                                                    start_line: 19,
                                                    start_column: 29,
                                                    end_line: 19,
                                                    end_column: 37,
                                                },
                                            },
                                        ),
                                    ),
                                ),
                                stereotypes: [],
                                tagged_values: [],
                                source_info: SourceInfo {
                                    source: "test.pure",
                                    start_line: 19,
                                    start_column: 5,
                                    end_line: 19,
                                    end_column: 14,
                                },
                            },
                            Property {
                                name: "intProp",
                                type_ref: Type(
                                    TypeReference {
                                        package: None,
                                        name: "Integer",
                                        type_arguments: [],
                                        type_variable_values: [],
                                        source_info: SourceInfo {
                                            source: "test.pure",
                                            start_line: 20,
                                            start_column: 14,
                                            end_line: 20,
                                            end_column: 20,
                                        },
                                    },
                                ),
                                multiplicity: PureOne,
                                aggregation: None,
                                default_value: Some(
                                    Literal(
                                        Integer(
                                            IntegerLiteral {
                                                value: 42,
                                                source_info: SourceInfo {
                                                    source: "test.pure",
                                                    start_line: 20,
                                                    start_column: 27,
                                                    end_line: 20,
                                                    end_column: 28,
                                                },
                                            },
                                        ),
                                    ),
                                ),
                                stereotypes: [],
                                tagged_values: [],
                                source_info: SourceInfo {
                                    source: "test.pure",
                                    start_line: 20,
                                    start_column: 5,
                                    end_line: 20,
                                    end_column: 11,
                                },
                            },
                            Property {
                                name: "floatProp",
                                type_ref: Type(
                                    TypeReference {
                                        package: None,
                                        name: "Float",
                                        type_arguments: [],
                                        type_variable_values: [],
                                        source_info: SourceInfo {
                                            source: "test.pure",
                                            start_line: 21,
                                            start_column: 16,
                                            end_line: 21,
                                            end_column: 20,
                                        },
                                    },
                                ),
                                multiplicity: PureOne,
                                aggregation: None,
                                default_value: Some(
                                    Literal(
                                        Float(
                                            FloatLiteral {
                                                value: 3.14,
                                                source_info: SourceInfo {
                                                    source: "test.pure",
                                                    start_line: 21,
                                                    start_column: 27,
                                                    end_line: 21,
                                                    end_column: 30,
                                                },
                                            },
                                        ),
                                    ),
                                ),
                                stereotypes: [],
                                tagged_values: [],
                                source_info: SourceInfo {
                                    source: "test.pure",
                                    start_line: 21,
                                    start_column: 5,
                                    end_line: 21,
                                    end_column: 13,
                                },
                            },
                            Property {
                                name: "boolProp",
                                type_ref: Type(
                                    TypeReference {
                                        package: None,
                                        name: "Boolean",
                                        type_arguments: [],
                                        type_variable_values: [],
                                        source_info: SourceInfo {
                                            source: "test.pure",
                                            start_line: 22,
                                            start_column: 15,
                                            end_line: 22,
                                            end_column: 21,
                                        },
                                    },
                                ),
                                multiplicity: PureOne,
                                aggregation: None,
                                default_value: Some(
                                    Literal(
                                        Boolean(
                                            BooleanLiteral {
                                                value: true,
                                                source_info: SourceInfo {
                                                    source: "test.pure",
                                                    start_line: 22,
                                                    start_column: 28,
                                                    end_line: 22,
                                                    end_column: 31,
                                                },
                                            },
                                        ),
                                    ),
                                ),
                                stereotypes: [],
                                tagged_values: [],
                                source_info: SourceInfo {
                                    source: "test.pure",
                                    start_line: 22,
                                    start_column: 5,
                                    end_line: 22,
                                    end_column: 12,
                                },
                            },
                            Property {
                                name: "enumProp",
                                type_ref: Type(
                                    TypeReference {
                                        package: Some(
                                            Package {
                                                name: "my",
                                                parent: None,
                                                source_info: SourceInfo {
                                                    source: "test.pure",
                                                    start_line: 23,
                                                    start_column: 15,
                                                    end_line: 23,
                                                    end_column: 16,
                                                },
                                            },
                                        ),
                                        name: "Color",
                                        type_arguments: [],
                                        type_variable_values: [],
                                        source_info: SourceInfo {
                                            source: "test.pure",
                                            start_line: 23,
                                            start_column: 15,
                                            end_line: 23,
                                            end_column: 16,
                                        },
                                    },
                                ),
                                multiplicity: PureOne,
                                aggregation: None,
                                default_value: Some(
                                    MemberAccess(
                                        Simple(
                                            SimpleMemberAccess {
                                                target: PackageableElementRef(
                                                    PackageableElementRef {
                                                        element: PackageableElementPtr {
                                                            package: Some(
                                                                Package {
                                                                    name: "my",
                                                                    parent: None,
                                                                    source_info: SourceInfo {
                                                                        source: "test.pure",
                                                                        start_line: 23,
                                                                        start_column: 30,
                                                                        end_line: 23,
                                                                        end_column: 31,
                                                                    },
                                                                },
                                                            ),
                                                            name: "Color",
                                                            source_info: SourceInfo {
                                                                source: "test.pure",
                                                                start_line: 23,
                                                                start_column: 30,
                                                                end_line: 23,
                                                                end_column: 31,
                                                            },
                                                        },
                                                        source_info: SourceInfo {
                                                            source: "test.pure",
                                                            start_line: 23,
                                                            start_column: 30,
                                                            end_line: 23,
                                                            end_column: 31,
                                                        },
                                                    },
                                                ),
                                                member: "RED",
                                                source_info: SourceInfo {
                                                    source: "test.pure",
                                                    start_line: 23,
                                                    start_column: 39,
                                                    end_line: 23,
                                                    end_column: 39,
                                                },
                                            },
                                        ),
                                    ),
                                ),
                                stereotypes: [],
                                tagged_values: [],
                                source_info: SourceInfo {
                                    source: "test.pure",
                                    start_line: 23,
                                    start_column: 5,
                                    end_line: 23,
                                    end_column: 12,
                                },
                            },
                            Property {
                                name: "collectionProp",
                                type_ref: Type(
                                    TypeReference {
                                        package: None,
                                        name: "String",
                                        type_arguments: [],
                                        type_variable_values: [],
                                        source_info: SourceInfo {
                                            source: "test.pure",
                                            start_line: 24,
                                            start_column: 21,
                                            end_line: 24,
                                            end_column: 26,
                                        },
                                    },
                                ),
                                multiplicity: ZeroOrMany,
                                aggregation: None,
                                default_value: Some(
                                    Collection(
                                        CollectionExpr {
                                            elements: [
                                                Literal(
                                                    String(
                                                        StringLiteral {
                                                            value: "a",
                                                            source_info: SourceInfo {
                                                                source: "test.pure",
                                                                start_line: 24,
                                                                start_column: 34,
                                                                end_line: 24,
                                                                end_column: 36,
                                                            },
                                                        },
                                                    ),
                                                ),
                                                Literal(
                                                    String(
                                                        StringLiteral {
                                                            value: "b",
                                                            source_info: SourceInfo {
                                                                source: "test.pure",
                                                                start_line: 24,
                                                                start_column: 39,
                                                                end_line: 24,
                                                                end_column: 41,
                                                            },
                                                        },
                                                    ),
                                                ),
                                                Literal(
                                                    String(
                                                        StringLiteral {
                                                            value: "c",
                                                            source_info: SourceInfo {
                                                                source: "test.pure",
                                                                start_line: 24,
                                                                start_column: 44,
                                                                end_line: 24,
                                                                end_column: 46,
                                                            },
                                                        },
                                                    ),
                                                ),
                                            ],
                                            multiplicity: None,
                                            source_info: SourceInfo {
                                                source: "test.pure",
                                                start_line: 24,
                                                start_column: 33,
                                                end_line: 24,
                                                end_column: 33,
                                            },
                                        },
                                    ),
                                ),
                                stereotypes: [],
                                tagged_values: [],
                                source_info: SourceInfo {
                                    source: "test.pure",
                                    start_line: 24,
                                    start_column: 5,
                                    end_line: 24,
                                    end_column: 18,
                                },
                            },
                        ],
                        qualified_properties: [],
                        constraints: [],
                        stereotypes: [],
                        tagged_values: [],
                        source_info: SourceInfo {
                            source: "test.pure",
                            start_line: 17,
                            start_column: 1,
                            end_line: 17,
                            end_column: 5,
                        },
                    },
                ),
            ],
            source_info: SourceInfo {
                source: "test.pure",
                start_line: 16,
                start_column: 1,
                end_line: 16,
                end_column: 7,
            },
        },
    ],
    source_info: SourceInfo {
        source: "test.pure",
        start_line: 16,
        start_column: 1,
        end_line: 16,
        end_column: 7,
    },
}
