---
source: crates/parser/tests/test_navigation_path.rs
expression: file
---
SourceFile {
    sections: [
        Section {
            kind: "Pure",
            imports: [],
            elements: [
                Function(
                    FunctionDef {
                        package: Some(
                            Package {
                                name: "my",
                                parent: None,
                                source_info: SourceInfo {
                                    source: "test.pure",
                                    start_line: 2,
                                    start_column: 10,
                                    end_line: 2,
                                    end_column: 11,
                                },
                            },
                        ),
                        name: SpannedString {
                            value: "test",
                            source_info: SourceInfo {
                                source: "test.pure",
                                start_line: 2,
                                start_column: 14,
                                end_line: 2,
                                end_column: 17,
                            },
                        },
                        type_parameters: [],
                        multiplicity_parameters: [],
                        parameters: [],
                        return_type: Type(
                            TypeReference {
                                package: None,
                                name: "Any",
                                type_arguments: [],
                                multiplicity_arguments: [],
                                type_variable_values: [],
                                algebra_ops: [],
                                subset_bound: None,
                                equal_binding: None,
                                source_info: SourceInfo {
                                    source: "test.pure",
                                    start_line: 2,
                                    start_column: 22,
                                    end_line: 2,
                                    end_column: 24,
                                },
                            },
                        ),
                        return_multiplicity: ZeroOrMany,
                        constraints: [],
                        body: [
                            NavigationPath(
                                NavigationPath {
                                    start_type: TypeReference {
                                        package: Some(
                                            Package {
                                                name: "model",
                                                parent: None,
                                                source_info: SourceInfo {
                                                    source: "test.pure",
                                                    start_line: 4,
                                                    start_column: 7,
                                                    end_line: 4,
                                                    end_column: 11,
                                                },
                                            },
                                        ),
                                        name: "Firm",
                                        type_arguments: [],
                                        multiplicity_arguments: [],
                                        type_variable_values: [],
                                        algebra_ops: [],
                                        subset_bound: None,
                                        equal_binding: None,
                                        source_info: SourceInfo {
                                            source: "test.pure",
                                            start_line: 4,
                                            start_column: 7,
                                            end_line: 4,
                                            end_column: 17,
                                        },
                                    },
                                    path: [
                                        PropertyPathElement {
                                            property: "employees",
                                            parameters: [],
                                            source_info: SourceInfo {
                                                source: "test.pure",
                                                start_line: 4,
                                                start_column: 18,
                                                end_line: 4,
                                                end_column: 18,
                                            },
                                        },
                                        PropertyPathElement {
                                            property: "address",
                                            parameters: [],
                                            source_info: SourceInfo {
                                                source: "test.pure",
                                                start_line: 4,
                                                start_column: 28,
                                                end_line: 4,
                                                end_column: 28,
                                            },
                                        },
                                    ],
                                    name: None,
                                    source_info: SourceInfo {
                                        source: "test.pure",
                                        start_line: 4,
                                        start_column: 5,
                                        end_line: 4,
                                        end_column: 6,
                                    },
                                },
                            ),
                        ],
                        stereotypes: [],
                        tagged_values: [],
                        tests: [],
                        source_info: SourceInfo {
                            source: "test.pure",
                            start_line: 2,
                            start_column: 1,
                            end_line: 5,
                            end_column: 1,
                        },
                    },
                ),
            ],
            source_info: SourceInfo {
                source: "test.pure",
                start_line: 1,
                start_column: 1,
                end_line: 1,
                end_column: 7,
            },
        },
    ],
    source_info: SourceInfo {
        source: "test.pure",
        start_line: 1,
        start_column: 1,
        end_line: 1,
        end_column: 7,
    },
}
