---
source: crates/parser/tests/test_expression.rs
expression: file
---
SourceFile {
    sections: [
        Section {
            kind: "Pure",
            imports: [],
            elements: [
                Function(
                    FunctionDef {
                        package: Some(
                            Package {
                                name: "my",
                                parent: None,
                                source_info: SourceInfo {
                                    source: "test.pure",
                                    start_line: 2,
                                    start_column: 10,
                                    end_line: 2,
                                    end_column: 11,
                                },
                            },
                        ),
                        name: "validate",
                        parameters: [
                            Parameter {
                                name: "this",
                                type_ref: Some(
                                    TypeReference {
                                        package: Some(
                                            Package {
                                                name: "my",
                                                parent: None,
                                                source_info: SourceInfo {
                                                    source: "test.pure",
                                                    start_line: 2,
                                                    start_column: 29,
                                                    end_line: 2,
                                                    end_column: 30,
                                                },
                                            },
                                        ),
                                        name: "Validated",
                                        type_arguments: [],
                                        type_variable_values: [],
                                        source_info: SourceInfo {
                                            source: "test.pure",
                                            start_line: 2,
                                            start_column: 29,
                                            end_line: 2,
                                            end_column: 30,
                                        },
                                    },
                                ),
                                multiplicity: Some(
                                    PureOne,
                                ),
                                source_info: SourceInfo {
                                    source: "test.pure",
                                    start_line: 2,
                                    start_column: 23,
                                    end_line: 2,
                                    end_column: 26,
                                },
                            },
                        ],
                        return_type: Type(
                            TypeReference {
                                package: None,
                                name: "Boolean",
                                type_arguments: [],
                                type_variable_values: [],
                                source_info: SourceInfo {
                                    source: "test.pure",
                                    start_line: 2,
                                    start_column: 48,
                                    end_line: 2,
                                    end_column: 54,
                                },
                            },
                        ),
                        return_multiplicity: PureOne,
                        body: [
                            Logical(
                                LogicalExpr {
                                    left: ArrowFunction(
                                        ArrowFunction {
                                            target: MemberAccess(
                                                Simple(
                                                    SimpleMemberAccess {
                                                        target: Variable(
                                                            Variable {
                                                                name: "this",
                                                                source_info: SourceInfo {
                                                                    source: "test.pure",
                                                                    start_line: 4,
                                                                    start_column: 5,
                                                                    end_line: 4,
                                                                    end_column: 5,
                                                                },
                                                            },
                                                        ),
                                                        member: "id",
                                                        source_info: SourceInfo {
                                                            source: "test.pure",
                                                            start_line: 4,
                                                            start_column: 10,
                                                            end_line: 4,
                                                            end_column: 10,
                                                        },
                                                    },
                                                ),
                                            ),
                                            function: PackageableElementPtr {
                                                package: None,
                                                name: "isEmpty",
                                                source_info: SourceInfo {
                                                    source: "test.pure",
                                                    start_line: 4,
                                                    start_column: 13,
                                                    end_line: 4,
                                                    end_column: 14,
                                                },
                                            },
                                            arguments: [],
                                            source_info: SourceInfo {
                                                source: "test.pure",
                                                start_line: 4,
                                                start_column: 13,
                                                end_line: 4,
                                                end_column: 14,
                                            },
                                        },
                                    ),
                                    op: Or,
                                    right: Comparison(
                                        ComparisonExpr {
                                            left: MemberAccess(
                                                Simple(
                                                    SimpleMemberAccess {
                                                        target: Variable(
                                                            Variable {
                                                                name: "this",
                                                                source_info: SourceInfo {
                                                                    source: "test.pure",
                                                                    start_line: 4,
                                                                    start_column: 28,
                                                                    end_line: 4,
                                                                    end_column: 28,
                                                                },
                                                            },
                                                        ),
                                                        member: "id",
                                                        source_info: SourceInfo {
                                                            source: "test.pure",
                                                            start_line: 4,
                                                            start_column: 33,
                                                            end_line: 4,
                                                            end_column: 33,
                                                        },
                                                    },
                                                ),
                                            ),
                                            op: GreaterThanOrEqual,
                                            right: Literal(
                                                Integer(
                                                    IntegerLiteral {
                                                        value: 0,
                                                        source_info: SourceInfo {
                                                            source: "test.pure",
                                                            start_line: 4,
                                                            start_column: 40,
                                                            end_line: 4,
                                                            end_column: 40,
                                                        },
                                                    },
                                                ),
                                            ),
                                            source_info: SourceInfo {
                                                source: "test.pure",
                                                start_line: 4,
                                                start_column: 37,
                                                end_line: 4,
                                                end_column: 38,
                                            },
                                        },
                                    ),
                                    source_info: SourceInfo {
                                        source: "test.pure",
                                        start_line: 4,
                                        start_column: 25,
                                        end_line: 4,
                                        end_column: 26,
                                    },
                                },
                            ),
                        ],
                        stereotypes: [],
                        tagged_values: [],
                        tests: [],
                        source_info: SourceInfo {
                            source: "test.pure",
                            start_line: 2,
                            start_column: 1,
                            end_line: 2,
                            end_column: 8,
                        },
                    },
                ),
            ],
            source_info: SourceInfo {
                source: "test.pure",
                start_line: 1,
                start_column: 1,
                end_line: 1,
                end_column: 7,
            },
        },
    ],
    source_info: SourceInfo {
        source: "test.pure",
        start_line: 1,
        start_column: 1,
        end_line: 1,
        end_column: 7,
    },
}
