---
source: crates/protocol/tests/snapshot_tests.rs
assertion_line: 297
expression: json
---
{
  "_type": "association",
  "name": "Person_Address",
  "package": "model",
  "properties": [
    {
      "genericType": {
        "rawType": {
          "fullPath": "model::Address"
        }
      },
      "multiplicity": {
        "lowerBound": 0
      },
      "name": "addresses"
    },
    {
      "genericType": {
        "rawType": {
          "fullPath": "model::Person"
        }
      },
      "multiplicity": {
        "lowerBound": 1,
        "upperBound": 1
      },
      "name": "person"
    }
  ],
  "sourceInformation": {
    "endColumn": 1,
    "endLine": 5,
    "sourceId": "test.pure",
    "startColumn": 1,
    "startLine": 1
  }
}
